============================================================
TINKO PAYMENT FAILURE TEST
============================================================

Step 1: Creating transaction (TEST_1764231666)...
SUCCESS: Transaction created
  Transaction ID: 7
  Amount: Rs.2999/100 = Rs.29.99

Step 2: Simulating payment failure...
SUCCESS: Payment failure recorded
  Failure Event ID: 6

Step 3: Generating recovery link...
SUCCESS: Recovery link generated
  Recovery URL: http://127.0.0.1:8000/pay/retry/uRax9hxCTQxqjM0UKSfoTQ
  Token: uRax9hxCTQxqjM0UKSfoTQ
  Expires: 2025-11-28T08:21:08.199671+00:00

Step 4: Verifying failure events...
SUCCESS: Found 1 failure event(s)
  - Event #6: Card declined - insufficient funds
    Gateway: razorpay

============================================================
TEST COMPLETE!
============================================================

Summary:
  Transaction Ref: TEST_1764231666
  Recovery URL: http://127.0.0.1:8000/pay/retry/uRax9hxCTQxqjM0UKSfoTQ

Next steps:
  1. Open the recovery URL in your browser
  2. Customer completes payment
  3. Revenue recovered!
============================================================
